<html>
<body>
<pre>
<h1>µVision Build Log</h1>
<h2>Tool Versions:</h2>
IDE-Version: µVision V5.22.0.0
Copyright (C) 2016 ARM Ltd and ARM Germany GmbH. All rights reserved.
License Information: a a, a, LIC=DSNNN-YK31L-KSCYM-XU448-MA3N9-T0DG7
 
Tool Versions:
Toolchain:       MDK-ARM Professional  Version: 5.22
Toolchain Path:  C:\Keil_v5\ARM\ARMCC\Bin
C Compiler:      Armcc.exe V5.06 update 4 (build 422)
Assembler:       Armasm.exe V5.06 update 4 (build 422)
Linker/Locator:  ArmLink.exe V5.06 update 4 (build 422)
Library Manager: ArmAr.exe V5.06 update 4 (build 422)
Hex Converter:   FromElf.exe V5.06 update 4 (build 422)
CPU DLL:         SARMCM3.DLL V5.22
Dialog DLL:      DCM.DLL V1.13.9.0
Target DLL:      STLink\ST-LINKIII-KEIL_SWO.dll V2.0.18.0
Dialog DLL:      TCM.DLL V1.21.0.0
 
<h2>Project:</h2>
C:\Users\NCMN\FILES\SSPU\Projects\EmbeddedAndroid\MIRACLE\MDK-ARM\MIRACLE.uvprojx
Project File Date:  12/04/2019

<h2>Output:</h2>
*** Using Compiler 'V5.06 update 4 (build 422)', folder: 'C:\Keil_v5\ARM\ARMCC\Bin'
Rebuild target 'MIRACLE'
assembling startup_stm32f103xe.s...
compiling freertos.c...
compiling stm32f1xx_it.c...
compiling main.c...
../Src/main.c(129): warning:  #177-D: variable "UP_disp"  was declared but never referenced
  	uint8_t  UP_disp;//the upside LED segment
../Src/main.c(130): warning:  #177-D: variable "DOWN_disp"  was declared but never referenced
  	uint8_t  DOWN_disp;//the downside LED segment 	
../Src/main.c(131): warning:  #177-D: variable "display"  was declared but never referenced
  	uint16_t display;//data send to 74HC595
../Src/main.c(243): warning:  #177-D: function "MX_ADC1_Init"  was declared but never referenced
  static void MX_ADC1_Init(void)
../Src/main.c(288): warning:  #177-D: function "MX_RTC_Init"  was declared but never referenced
  static void MX_RTC_Init(void)
../Src/main.c(345): warning:  #177-D: function "MX_SPI1_Init"  was declared but never referenced
  static void MX_SPI1_Init(void)
../Src/main.c(442): warning:  #177-D: function "MX_USART1_UART_Init"  was declared but never referenced
  static void MX_USART1_UART_Init(void)
../Src/main.c(475): warning:  #177-D: function "MX_USART3_UART_Init"  was declared but never referenced
  static void MX_USART3_UART_Init(void)
../Src/main.c(508): warning:  #177-D: function "MX_USB_PCD_Init"  was declared but never referenced
  static void MX_USB_PCD_Init(void)
../Src/main.c(537): warning:  #177-D: function "MX_DMA_Init"  was declared but never referenced
  static void MX_DMA_Init(void) 
../Src/main.c: 10 warnings, 0 errors
compiling stm32f1xx_hal_timebase_tim.c...
compiling stm32f1xx_hal_gpio_ex.c...
compiling stm32f1xx_hal_msp.c...
compiling stm32f1xx_hal_rtc.c...
compiling stm32f1xx_hal_adc_ex.c...
compiling stm32f1xx_hal_adc.c...
compiling stm32f1xx_hal_rtc_ex.c...
compiling stm32f1xx_hal_spi.c...
compiling stm32f1xx_hal_tim.c...
compiling stm32f1xx_hal_uart.c...
compiling stm32f1xx_hal_tim_ex.c...
compiling stm32f1xx_hal_pcd.c...
compiling stm32f1xx_hal_pcd_ex.c...
compiling stm32f1xx_hal.c...
compiling stm32f1xx_ll_usb.c...
compiling stm32f1xx_hal_rcc_ex.c...
compiling stm32f1xx_hal_gpio.c...
compiling stm32f1xx_hal_rcc.c...
compiling stm32f1xx_hal_cortex.c...
compiling stm32f1xx_hal_pwr.c...
compiling stm32f1xx_hal_dma.c...
compiling stm32f1xx_hal_exti.c...
compiling stm32f1xx_hal_flash_ex.c...
compiling stm32f1xx_hal_flash.c...
compiling croutine.c...
compiling event_groups.c...
compiling list.c...
compiling queue.c...
compiling stream_buffer.c...
compiling timers.c...
compiling tasks.c...
compiling heap_4.c...
compiling cmsis_os.c...
compiling port.c...
compiling system_stm32f1xx.c...
linking...
Program Size: Code=13056 RO-data=376 RW-data=84 ZI-data=2436  
FromELF: creating hex file...
"MIRACLE\MIRACLE.axf" - 0 Error(s), 10 Warning(s).

<h2>Software Packages used:</h2>

Package Vendor: ARM
                http://www.keil.com/pack/ARM.CMSIS.5.5.1.pack
                ARM::CMSIS:CORE:5.2.0
                CMSIS (Cortex Microcontroller Software Interface Standard)
   * Component: CORE Version: 5.2.0

<h2>Collection of Component include folders:</h2>
  C:\Users\NCMN\FILES\SSPU\Projects\EmbeddedAndroid\MIRACLE\MDK-ARM\RTE\_MIRACLE
  C:\Users\NCMN\AppData\Local\Arm\Packs\ARM\CMSIS\5.5.1\CMSIS\Core\Include
  C:\Users\NCMN\AppData\Local\Arm\Packs\Keil\STM32F1xx_DFP\2.3.0\Device\Include

<h2>Collection of Component Files used:</h2>

   * Component: ARM::CMSIS:CORE:5.2.0
Build Time Elapsed:  00:00:33
</pre>
</body>
</html>
